// Vitest Snapshot v1

exports[`PokemonPicture component > debe de hacer match con el snapshot 1`] = `
"<div class=\\"pokemon-container\\" data-v-c76ad58e=\\"\\"><img src=\\"https://raw.githubusercontent.com/PokeAPI/sprites/master/sprites/pokemon/other/dream-world/1.svg\\" class=\\"hidden-pokemon\\" alt=\\"pokemon\\" data-v-c76ad58e=\\"\\"><!-- si showPokemon es true se muestra la img -->
  <!-- showPokemon es una props -->
  <!--v-if-->
</div>"
`;
